Esecuzione dei test per C:\github\EntglDb.Net\tests\EntglDb.Persistence.Sqlite.Tests\bin\Debug\net8.0\EntglDb.Persistence.Sqlite.Tests.dll (.NETCoreApp,Version=v8.0)
Versione di VSTest 18.0.1 (x64)

Avvio dell'esecuzione dei test in corso. Attendere...
Un totale di 1 file di test corrisponde al criterio specificato.
  Non superato EntglDb.Persistence.Sqlite.Tests.HlcRegressionTests.GetLatestTimestampAsync_ShouldFindTimestamp_AfterRestart_WithPerCollectionTables [76 ms]
  Messaggio di errore:
   Expected timestamp.PhysicalTime to be 1000L, but found 0L (difference of -1000).
  Analisi dello stack:
     at FluentAssertions.Execution.LateBoundTestFramework.Throw(String message)
   at FluentAssertions.Execution.DefaultAssertionStrategy.HandleFailure(String message)
   at FluentAssertions.Execution.AssertionScope.AddPreFormattedFailure(String formattedFailureMessage)
   at FluentAssertions.Execution.AssertionChain.FailWith(Func`1 getFailureReason)
   at FluentAssertions.Execution.AssertionChain.FailWith(Func`1 getFailureReason)
   at FluentAssertions.Execution.AssertionChain.FailWith(String message, Object[] args)
   at FluentAssertions.Numeric.NumericAssertionsBase`3.Be(T expected, String because, Object[] becauseArgs)
   at EntglDb.Persistence.Sqlite.Tests.HlcRegressionTests.GetLatestTimestampAsync_ShouldFindTimestamp_AfterRestart_WithPerCollectionTables() in C:\github\EntglDb.Net\tests\EntglDb.Persistence.Sqlite.Tests\HlcRegressionTests.cs:line 64
--- End of stack trace from previous location ---

Non superato! - Non superati:     1. Superati:    15. Ignorati:     0. Totale:    16. Durata: 161 ms - EntglDb.Persistence.Sqlite.Tests.dll (net8.0)
